// Vitest Snapshot v1, https://vitest.dev/guide/snapshot.html

exports[`rollup 1`] = `
"// main.js
const values = [
	"foo",
	100,
	4
];

console.log("foo", 100, 4);
console.log(values);
"
`;
